由于文件 (符号) 而包含了归档成员

lib/orangescrt.a(mylseek.o)   kernel/check.o (mylseek)
lib/orangescrt.a(printf.o)    kernel/main.o (printf)
lib/orangescrt.a(vsprintf.o)  kernel/main.o (vsprintf)
lib/orangescrt.a(string.o)    kernel/start.o (memcpy)
lib/orangescrt.a(misc.o)      kernel/main.o (send_recv)
lib/orangescrt.a(open.o)      kernel/main.o (open)
lib/orangescrt.a(read.o)      kernel/main.o (read)
lib/orangescrt.a(write.o)     kernel/main.o (write)
lib/orangescrt.a(close.o)     kernel/main.o (close)
lib/orangescrt.a(getpid.o)    kernel/main.o (getpid)
lib/orangescrt.a(stat.o)      kernel/check.o (stat)
lib/orangescrt.a(fork.o)      kernel/main.o (fork)
lib/orangescrt.a(exit.o)      kernel/check.o (exit)
lib/orangescrt.a(wait.o)      kernel/main.o (wait)
lib/orangescrt.a(exec.o)      kernel/main.o (execv)
lib/orangescrt.a(syscall.o)   lib/orangescrt.a(misc.o) (sendrec)

分配公共符号
公共符号            大小              文件

idt_ptr             0x6               kernel/global.o
inode_table         0xb00             kernel/global.o
task_stack          0x24000           kernel/global.o
k_reenter           0x4               kernel/global.o
gdt                 0x400             kernel/global.o
current_console     0x4               kernel/global.o
pcaller             0x4               kernel/global.o
tty_table           0xc6c             kernel/global.o
tss                 0x68              kernel/global.o
fs_msg              0x30              kernel/global.o
memory_size         0x4               kernel/global.o
f_desc_table        0x400             kernel/global.o
check_table         0x1130            kernel/global.o
root_inode          0x4               kernel/global.o
disp_pos            0x4               kernel/global.o
mm_msg              0x30              kernel/global.o
key_pressed         0x4               kernel/global.o
gdt_ptr             0x6               kernel/global.o
idt                 0x800             kernel/global.o
super_block         0x1e0             kernel/global.o
PARTITION_ENTRY     0x10              kernel/hd.o
ticks               0x4               kernel/global.o
proc_queue          0x1c8             kernel/global.o
console_table       0x3c              kernel/global.o
irq_table           0x40              kernel/global.o
p_proc_ready        0x4               kernel/global.o
proc_table          0x3c20            kernel/global.o

舍弃的输入节

 .note.GNU-stack
                0x0000000000000000        0x0 kernel/start.o
 .note.GNU-stack
                0x0000000000000000        0x0 kernel/main.o
 .note.GNU-stack
                0x0000000000000000        0x0 kernel/check.o
 .note.GNU-stack
                0x0000000000000000        0x0 kernel/clock.o
 .note.GNU-stack
                0x0000000000000000        0x0 kernel/keyboard.o
 .note.GNU-stack
                0x0000000000000000        0x0 kernel/tty.o
 .note.GNU-stack
                0x0000000000000000        0x0 kernel/console.o
 .note.GNU-stack
                0x0000000000000000        0x0 kernel/i8259.o
 .note.GNU-stack
                0x0000000000000000        0x0 kernel/global.o
 .note.GNU-stack
                0x0000000000000000        0x0 kernel/protect.o
 .note.GNU-stack
                0x0000000000000000        0x0 kernel/proc.o
 .note.GNU-stack
                0x0000000000000000        0x0 kernel/systask.o
 .note.GNU-stack
                0x0000000000000000        0x0 kernel/hd.o
 .note.GNU-stack
                0x0000000000000000        0x0 kernel/klib.o
 .note.GNU-stack
                0x0000000000000000        0x0 lib/syslog.o
 .note.GNU-stack
                0x0000000000000000        0x0 kernel/my_global.o
 .note.GNU-stack
                0x0000000000000000        0x0 mm/main.o
 .note.GNU-stack
                0x0000000000000000        0x0 mm/forkexit.o
 .note.GNU-stack
                0x0000000000000000        0x0 mm/exec.o
 .note.GNU-stack
                0x0000000000000000        0x0 fs/main.o
 .note.GNU-stack
                0x0000000000000000        0x0 fs/open.o
 .note.GNU-stack
                0x0000000000000000        0x0 fs/misc.o
 .note.GNU-stack
                0x0000000000000000        0x0 fs/read_write.o
 .note.GNU-stack
                0x0000000000000000        0x0 fs/link.o
 .note.GNU-stack
                0x0000000000000000        0x0 fs/disklog.o
 .note.GNU-stack
                0x0000000000000000        0x0 lib/orangescrt.a(mylseek.o)
 .note.GNU-stack
                0x0000000000000000        0x0 lib/orangescrt.a(printf.o)
 .note.GNU-stack
                0x0000000000000000        0x0 lib/orangescrt.a(vsprintf.o)
 .note.GNU-stack
                0x0000000000000000        0x0 lib/orangescrt.a(misc.o)
 .note.GNU-stack
                0x0000000000000000        0x0 lib/orangescrt.a(open.o)
 .note.GNU-stack
                0x0000000000000000        0x0 lib/orangescrt.a(read.o)
 .note.GNU-stack
                0x0000000000000000        0x0 lib/orangescrt.a(write.o)
 .note.GNU-stack
                0x0000000000000000        0x0 lib/orangescrt.a(close.o)
 .note.GNU-stack
                0x0000000000000000        0x0 lib/orangescrt.a(getpid.o)
 .note.GNU-stack
                0x0000000000000000        0x0 lib/orangescrt.a(stat.o)
 .note.GNU-stack
                0x0000000000000000        0x0 lib/orangescrt.a(fork.o)
 .note.GNU-stack
                0x0000000000000000        0x0 lib/orangescrt.a(exit.o)
 .note.GNU-stack
                0x0000000000000000        0x0 lib/orangescrt.a(wait.o)
 .note.GNU-stack
                0x0000000000000000        0x0 lib/orangescrt.a(exec.o)

内存配置

名称           来源             长度             属性
*default*        0x0000000000000000 0xffffffffffffffff

链结器命令稿和内存映射

段 .text 的地址设置为 0x1000
LOAD kernel/kernel.o
LOAD kernel/start.o
LOAD kernel/main.o
LOAD kernel/check.o
LOAD kernel/clock.o
LOAD kernel/keyboard.o
LOAD kernel/tty.o
LOAD kernel/console.o
LOAD kernel/i8259.o
LOAD kernel/global.o
LOAD kernel/protect.o
LOAD kernel/proc.o
LOAD kernel/systask.o
LOAD kernel/hd.o
LOAD kernel/kliba.o
LOAD kernel/klib.o
LOAD lib/syslog.o
LOAD kernel/my_global.o
LOAD mm/main.o
LOAD mm/forkexit.o
LOAD mm/exec.o
LOAD fs/main.o
LOAD fs/open.o
LOAD fs/misc.o
LOAD fs/read_write.o
LOAD fs/link.o
LOAD fs/disklog.o
LOAD lib/orangescrt.a
                [!provide]                        PROVIDE (__executable_start, 0x8048000)
                0x0000000008048094                . = (0x8048000 + SIZEOF_HEADERS)

.interp
 *(.interp)

.note.gnu.build-id
 *(.note.gnu.build-id)

.hash
 *(.hash)

.gnu.hash
 *(.gnu.hash)

.dynsym
 *(.dynsym)

.dynstr
 *(.dynstr)

.gnu.version
 *(.gnu.version)

.gnu.version_d
 *(.gnu.version_d)

.gnu.version_r
 *(.gnu.version_r)

.rel.dyn        0x0000000008048094        0x0
 *(.rel.init)
 *(.rel.text .rel.text.* .rel.gnu.linkonce.t.*)
 .rel.text      0x0000000008048094        0x0 kernel/kernel.o
 *(.rel.fini)
 *(.rel.rodata .rel.rodata.* .rel.gnu.linkonce.r.*)
 *(.rel.data.rel.ro .rel.data.rel.ro.* .rel.gnu.linkonce.d.rel.ro.*)
 *(.rel.data .rel.data.* .rel.gnu.linkonce.d.*)
 .rel.data      0x0000000008048094        0x0 kernel/kernel.o
 *(.rel.tdata .rel.tdata.* .rel.gnu.linkonce.td.*)
 *(.rel.tbss .rel.tbss.* .rel.gnu.linkonce.tb.*)
 *(.rel.ctors)
 *(.rel.dtors)
 *(.rel.got)
 *(.rel.bss .rel.bss.* .rel.gnu.linkonce.b.*)
 *(.rel.ifunc)

.rel.plt        0x0000000008048094        0x0
 *(.rel.plt)
                [!provide]                        PROVIDE (__rel_iplt_start, .)
 *(.rel.iplt)
 .rel.iplt      0x0000000008048094        0x0 kernel/kernel.o
                [!provide]                        PROVIDE (__rel_iplt_end, .)

.init
 *(SORT(.init))

.plt            0x00000000080480a0        0x0
 *(.plt)
 *(.iplt)
 .iplt          0x00000000080480a0        0x0 kernel/kernel.o

.plt.got
 *(.plt.got)

.text           0x0000000000001000     0xc788
 *(.text.unlikely .text.*_unlikely .text.unlikely.*)
 *(.text.exit .text.exit.*)
 *(.text.startup .text.startup.*)
 *(.text.hot .text.hot.*)
 *(.text .stub .text.* .gnu.linkonce.t.*)
 .text          0x0000000000001000      0x5fe kernel/kernel.o
                0x0000000000001000                _start
                0x0000000000001230                hwint00
                0x0000000000001260                hwint01
                0x0000000000001290                hwint02
                0x00000000000012c0                hwint03
                0x00000000000012f0                hwint04
                0x0000000000001320                hwint05
                0x0000000000001350                hwint06
                0x0000000000001380                hwint07
                0x00000000000013b0                hwint08
                0x00000000000013e0                hwint09
                0x0000000000001410                hwint10
                0x0000000000001440                hwint11
                0x0000000000001470                hwint12
                0x00000000000014a0                hwint13
                0x00000000000014d0                hwint14
                0x0000000000001500                hwint15
                0x0000000000001524                divide_error
                0x000000000000152a                single_step_exception
                0x0000000000001530                nmi
                0x0000000000001536                breakpoint_exception
                0x000000000000153c                overflow
                0x0000000000001542                bounds_check
                0x0000000000001548                inval_opcode
                0x000000000000154e                copr_not_available
                0x0000000000001554                double_fault
                0x0000000000001558                copr_seg_overrun
                0x000000000000155e                inval_tss
                0x0000000000001562                segment_not_present
                0x0000000000001566                stack_exception
                0x000000000000156a                general_protection
                0x000000000000156e                page_fault
                0x0000000000001572                copr_error
                0x00000000000015bb                sys_call
                0x00000000000015d9                restart
 .text          0x00000000000015fe       0x95 kernel/start.o
                0x00000000000015fe                cstart
 .text          0x0000000000001693      0xcb3 kernel/main.o
                0x0000000000001693                kernel_main
                0x00000000000019bd                get_ticks
                0x00000000000019f1                untar
                0x0000000000001c56                shabby_shell
                0x0000000000002181                Init
                0x00000000000022ee                TestA
                0x00000000000022f3                TestB
                0x00000000000022f8                TestC
                0x00000000000022fd                panic
 .text          0x0000000000002346      0x312 kernel/check.o
                0x0000000000002346                cal_check
                0x0000000000002448                check_parity
                0x0000000000002600                find_position
 .text          0x0000000000002658      0x101 kernel/clock.o
                0x0000000000002658                clock_handler
                0x00000000000026c7                milli_delay
                0x0000000000002701                init_clock
 .text          0x0000000000002759      0x6da kernel/keyboard.o
                0x0000000000002759                keyboard_handler
                0x00000000000027c3                init_keyboard
                0x0000000000002872                keyboard_read
 .text          0x0000000000002e33      0xa4a kernel/tty.o
                0x0000000000002e33                task_tty
                0x0000000000003024                in_process
                0x000000000000357d                sys_printx
                0x000000000000371c                dump_tty_buf
 .text          0x000000000000387d      0x7d7 kernel/console.o
                0x000000000000387d                init_screen
                0x00000000000039f1                out_char
                0x0000000000003cce                is_current_console
                0x0000000000003dc1                select_console
                0x0000000000003e01                scroll_screen
 .text          0x0000000000004054      0x130 kernel/i8259.o
                0x0000000000004054                init_8259A
                0x0000000000004129                spurious_irq
                0x0000000000004160                put_irq_handler
 .text          0x0000000000004184        0x0 kernel/global.o
 .text          0x0000000000004184      0x65f kernel/protect.o
                0x0000000000004184                init_prot
                0x00000000000045ec                seg2linear
                0x000000000000463b                init_desc
                0x00000000000046a8                exception_handler
 .text          0x00000000000047e3     0x1819 kernel/proc.o
                0x00000000000047e3                schedule
                0x0000000000004a1e                sys_sendrec
                0x0000000000004b3e                ldt_seg_linear
                0x0000000000004b88                va2la
                0x0000000000004be9                reset_msg
                0x0000000000005a28                inform_int
                0x0000000000005bb0                dump_proc
                0x0000000000005eef                dump_msg
 .text          0x0000000000005ffc      0x2bc kernel/systask.o
                0x0000000000005ffc                task_sys
 .text          0x00000000000062b8      0xe1f kernel/hd.o
                0x00000000000062b8                task_hd
                0x00000000000070ac                hd_handler
 *fill*         0x00000000000070d7        0x9 
 .text          0x00000000000070e0      0x19a kernel/kliba.o
                0x00000000000070e0                disp_str
                0x000000000000711e                disp_color_str
                0x000000000000715d                out_byte
                0x0000000000007169                in_byte
                0x0000000000007173                port_read
                0x0000000000007186                port_write
                0x0000000000007199                disable_irq
                0x00000000000071ce                enable_irq
                0x00000000000071ed                disable_int
                0x00000000000071ef                enable_int
                0x00000000000071f1                glitter
 .text          0x000000000000727a      0x2af kernel/klib.o
                0x000000000000727a                get_boot_params
                0x0000000000007300                get_kernel_map
                0x0000000000007410                itoa
                0x00000000000074bb                disp_int
                0x00000000000074e2                delay
 .text          0x0000000000007529       0x6f lib/syslog.o
                0x0000000000007529                syslog
 .text          0x0000000000007598        0x0 kernel/my_global.o
 .text          0x0000000000007598      0x1bc mm/main.o
                0x0000000000007598                task_mm
                0x00000000000076cf                alloc_mem
                0x000000000000774a                free_mem
 .text          0x0000000000007754      0x5c0 mm/forkexit.o
                0x0000000000007754                do_fork
                0x0000000000007a95                do_exit
                0x0000000000007c5e                do_wait
 .text          0x0000000000007d14      0x356 mm/exec.o
                0x0000000000007d14                do_exec
 .text          0x000000000000806a     0x10a3 fs/main.o
                0x000000000000806a                task_fs
                0x0000000000008afa                rw_sector
                0x0000000000008d1d                get_super_block
                0x0000000000008d63                get_inode
                0x0000000000008ec6                put_inode
                0x0000000000008f04                sync_inode
 .text          0x000000000000910d      0xa9d fs/open.o
                0x000000000000910d                do_open
                0x000000000000954d                do_close
                0x00000000000095c4                do_lseek
 .text          0x0000000000009baa      0x3b2 fs/misc.o
                0x0000000000009baa                do_stat
                0x0000000000009d7b                search_file
                0x0000000000009ed1                strip_path
 .text          0x0000000000009f5c      0x491 fs/read_write.o
                0x0000000000009f5c                do_rdwt
 .text          0x000000000000a3ed      0x808 fs/link.o
                0x000000000000a3ed                do_unlink
 .text          0x000000000000abf5     0x1fb9 fs/disklog.o
                0x000000000000abf5                disklog
                0x000000000000b162                dump_fd_graph
 .text          0x000000000000cbae       0x58 lib/orangescrt.a(mylseek.o)
                0x000000000000cbae                mylseek
 .text          0x000000000000cc06       0xad lib/orangescrt.a(printf.o)
                0x000000000000cc06                printf
                0x000000000000cc71                printl
 .text          0x000000000000ccb3      0x305 lib/orangescrt.a(vsprintf.o)
                0x000000000000cd11                vsprintf
                0x000000000000cf92                sprintf
 *fill*         0x000000000000cfb8        0x8 
 .text          0x000000000000cfc0       0x78 lib/orangescrt.a(string.o)
                0x000000000000cfc0                memcpy
                0x000000000000cfe9                memset
                0x000000000000d00a                strcpy
                0x000000000000d022                strlen
 .text          0x000000000000d038      0x256 lib/orangescrt.a(misc.o)
                0x000000000000d038                send_recv
                0x000000000000d0f2                memcmp
                0x000000000000d168                strcmp
                0x000000000000d1db                strcat
                0x000000000000d23a                spin
                0x000000000000d255                assertion_failure
 .text          0x000000000000d28e       0x63 lib/orangescrt.a(open.o)
                0x000000000000d28e                open
 .text          0x000000000000d2f1       0x37 lib/orangescrt.a(read.o)
                0x000000000000d2f1                read
 .text          0x000000000000d328       0x37 lib/orangescrt.a(write.o)
                0x000000000000d328                write
 .text          0x000000000000d35f       0x2b lib/orangescrt.a(close.o)
                0x000000000000d35f                close
 .text          0x000000000000d38a       0x46 lib/orangescrt.a(getpid.o)
                0x000000000000d38a                getpid
 .text          0x000000000000d3d0       0x63 lib/orangescrt.a(stat.o)
                0x000000000000d3d0                stat
 .text          0x000000000000d433       0x66 lib/orangescrt.a(fork.o)
                0x000000000000d433                fork
 .text          0x000000000000d499       0x4a lib/orangescrt.a(exit.o)
                0x000000000000d499                exit
 .text          0x000000000000d4e3       0x3c lib/orangescrt.a(wait.o)
                0x000000000000d4e3                wait
 .text          0x000000000000d51f      0x237 lib/orangescrt.a(exec.o)
                0x000000000000d51f                exec
                0x000000000000d58a                execl
                0x000000000000d5af                execv
 *fill*         0x000000000000d756        0xa 
 .text          0x000000000000d760       0x28 lib/orangescrt.a(syscall.o)
                0x000000000000d760                sendrec
                0x000000000000d77a                printx
 *(.gnu.warning)

.fini
 *(SORT(.fini))
                [!provide]                        PROVIDE (__etext, .)
                [!provide]                        PROVIDE (_etext, .)
                [!provide]                        PROVIDE (etext, .)

.rodata         0x000000000000d7a0     0x28f3
 *(.rodata .rodata.* .gnu.linkonce.r.*)
 .rodata        0x000000000000d7a0       0x47 kernel/start.o
 *fill*         0x000000000000d7e7        0x1 
 .rodata        0x000000000000d7e8      0x254 kernel/main.o
 .rodata        0x000000000000da3c      0x23f kernel/check.o
 *fill*         0x000000000000dc7b        0x1 
 .rodata        0x000000000000dc7c       0x64 kernel/keyboard.o
 .rodata        0x000000000000dce0      0x168 kernel/tty.o
 .rodata        0x000000000000de48       0x5b kernel/console.o
 .rodata        0x000000000000dea3       0x11 kernel/i8259.o
 .rodata        0x000000000000deb4       0x10 kernel/global.o
                0x000000000000deb4                FSBUF_SIZE
                0x000000000000deb8                MMBUF_SIZE
                0x000000000000debc                LOGBUF_SIZE
                0x000000000000dec0                LOGDISKBUF_SIZE
 *fill*         0x000000000000dec4       0x1c 
 .rodata        0x000000000000dee0      0x580 kernel/protect.o
 .rodata        0x000000000000e460      0x5da kernel/proc.o
 .rodata        0x000000000000ea3a       0x11 kernel/systask.o
 *fill*         0x000000000000ea4b        0x1 
 .rodata        0x000000000000ea4c      0x1df kernel/hd.o
 *fill*         0x000000000000ec2b        0x1 
 .rodata        0x000000000000ec2c       0x6a kernel/klib.o
 .rodata        0x000000000000ec96       0x1e lib/syslog.o
 .rodata        0x000000000000ecb4       0xb1 mm/main.o
 *fill*         0x000000000000ed65        0x3 
 .rodata        0x000000000000ed68       0xe7 mm/forkexit.o
 *fill*         0x000000000000ee4f        0x1 
 .rodata        0x000000000000ee50       0xa4 mm/exec.o
 .rodata        0x000000000000eef4      0x2b6 fs/main.o
 *fill*         0x000000000000f1aa        0x2 
 .rodata        0x000000000000f1ac      0x13c fs/open.o
 .rodata        0x000000000000f2e8       0x60 fs/misc.o
 .rodata        0x000000000000f348      0x164 fs/read_write.o
 .rodata        0x000000000000f4ac      0x1ad fs/link.o
 *fill*         0x000000000000f659        0x3 
 .rodata        0x000000000000f65c      0x806 fs/disklog.o
 .rodata        0x000000000000fe62       0x26 lib/orangescrt.a(mylseek.o)
 .rodata        0x000000000000fe88       0x14 lib/orangescrt.a(printf.o)
 .rodata        0x000000000000fe9c       0xad lib/orangescrt.a(misc.o)
 .rodata        0x000000000000ff49       0x23 lib/orangescrt.a(open.o)
 .rodata        0x000000000000ff6c       0x25 lib/orangescrt.a(getpid.o)
 .rodata        0x000000000000ff91       0x23 lib/orangescrt.a(stat.o)
 .rodata        0x000000000000ffb4       0x33 lib/orangescrt.a(fork.o)
 .rodata        0x000000000000ffe7       0x23 lib/orangescrt.a(exit.o)
 *fill*         0x000000000001000a        0x2 
 .rodata        0x000000000001000c       0x87 lib/orangescrt.a(exec.o)

.rodata1
 *(.rodata1)

.eh_frame_hdr
 *(.eh_frame_hdr)
 *(.eh_frame_entry .eh_frame_entry.*)

.eh_frame       0x0000000000010094     0x1318
 *(.eh_frame)
 .eh_frame      0x0000000000010094       0x38 kernel/start.o
 .eh_frame      0x00000000000100cc      0x108 kernel/main.o
                                        0x120 (松开之前的大小)
 .eh_frame      0x00000000000101d4       0x60 kernel/check.o
                                         0x78 (松开之前的大小)
 .eh_frame      0x0000000000010234       0x60 kernel/clock.o
                                         0x78 (松开之前的大小)
 .eh_frame      0x0000000000010294       0xe0 kernel/keyboard.o
                                         0xf8 (松开之前的大小)
 .eh_frame      0x0000000000010374      0x13c kernel/tty.o
                                        0x154 (松开之前的大小)
 .eh_frame      0x00000000000104b0      0x144 kernel/console.o
                                        0x15c (松开之前的大小)
 .eh_frame      0x00000000000105f4       0x60 kernel/i8259.o
                                         0x78 (松开之前的大小)
 .eh_frame      0x0000000000010654       0xb0 kernel/protect.o
                                         0xc8 (松开之前的大小)
 .eh_frame      0x0000000000010704      0x1b8 kernel/proc.o
                                        0x1d0 (松开之前的大小)
 .eh_frame      0x00000000000108bc       0x5c kernel/systask.o
                                         0x74 (松开之前的大小)
 .eh_frame      0x0000000000010918      0x1f0 kernel/hd.o
                                        0x208 (松开之前的大小)
 .eh_frame      0x0000000000010b08       0xa0 kernel/klib.o
                                         0xb8 (松开之前的大小)
 .eh_frame      0x0000000000010ba8       0x20 lib/syslog.o
                                         0x38 (松开之前的大小)
 .eh_frame      0x0000000000010bc8       0x7c mm/main.o
                                         0x94 (松开之前的大小)
 .eh_frame      0x0000000000010c44       0x90 mm/forkexit.o
                                         0xa8 (松开之前的大小)
 .eh_frame      0x0000000000010cd4       0x2c mm/exec.o
                                         0x44 (松开之前的大小)
 .eh_frame      0x0000000000010d00      0x170 fs/main.o
                                        0x188 (松开之前的大小)
 .eh_frame      0x0000000000010e70      0x120 fs/open.o
                                        0x138 (松开之前的大小)
 .eh_frame      0x0000000000010f90       0x68 fs/misc.o
                                         0x80 (松开之前的大小)
 .eh_frame      0x0000000000010ff8       0x2c fs/read_write.o
                                         0x44 (松开之前的大小)
 .eh_frame      0x0000000000011024       0x2c fs/link.o
                                         0x44 (松开之前的大小)
 .eh_frame      0x0000000000011050       0x60 fs/disklog.o
                                         0x78 (松开之前的大小)
 .eh_frame      0x00000000000110b0       0x20 lib/orangescrt.a(mylseek.o)
                                         0x38 (松开之前的大小)
 .eh_frame      0x00000000000110d0       0x40 lib/orangescrt.a(printf.o)
                                         0x58 (松开之前的大小)
 .eh_frame      0x0000000000011110       0x60 lib/orangescrt.a(vsprintf.o)
                                         0x78 (松开之前的大小)
 .eh_frame      0x0000000000011170       0xbc lib/orangescrt.a(misc.o)
                                         0xd4 (松开之前的大小)
 .eh_frame      0x000000000001122c       0x20 lib/orangescrt.a(open.o)
                                         0x38 (松开之前的大小)
 .eh_frame      0x000000000001124c       0x20 lib/orangescrt.a(read.o)
                                         0x38 (松开之前的大小)
 .eh_frame      0x000000000001126c       0x20 lib/orangescrt.a(write.o)
                                         0x38 (松开之前的大小)
 .eh_frame      0x000000000001128c       0x20 lib/orangescrt.a(close.o)
                                         0x38 (松开之前的大小)
 .eh_frame      0x00000000000112ac       0x20 lib/orangescrt.a(getpid.o)
                                         0x38 (松开之前的大小)
 .eh_frame      0x00000000000112cc       0x20 lib/orangescrt.a(stat.o)
                                         0x38 (松开之前的大小)
 .eh_frame      0x00000000000112ec       0x20 lib/orangescrt.a(fork.o)
                                         0x38 (松开之前的大小)
 .eh_frame      0x000000000001130c       0x20 lib/orangescrt.a(exit.o)
                                         0x38 (松开之前的大小)
 .eh_frame      0x000000000001132c       0x20 lib/orangescrt.a(wait.o)
                                         0x38 (松开之前的大小)
 .eh_frame      0x000000000001134c       0x60 lib/orangescrt.a(exec.o)
                                         0x78 (松开之前的大小)
 *(.eh_frame.*)

.gcc_except_table
 *(.gcc_except_table .gcc_except_table.*)

.gnu_extab
 *(.gnu_extab*)

.exception_ranges
 *(.exception_ranges .exception_ranges*)
                0x00000000000123ac                . = DATA_SEGMENT_ALIGN (0x1000, 0x1000)

.eh_frame
 *(.eh_frame)
 *(.eh_frame.*)

.gnu_extab
 *(.gnu_extab)

.gcc_except_table
 *(.gcc_except_table .gcc_except_table.*)

.exception_ranges
 *(.exception_ranges .exception_ranges*)

.tdata
 *(.tdata .tdata.* .gnu.linkonce.td.*)

.tbss
 *(.tbss .tbss.* .gnu.linkonce.tb.*)
 *(.tcommon)

.preinit_array  0x00000000000123ac        0x0
                [!provide]                        PROVIDE (__preinit_array_start, .)
 *(.preinit_array)
                [!provide]                        PROVIDE (__preinit_array_end, .)

.init_array     0x00000000000123ac        0x0
                [!provide]                        PROVIDE (__init_array_start, .)
 *(SORT(.init_array.*) SORT(.ctors.*))
 *(.init_array EXCLUDE_FILE(*crtend?.o *crtend.o *crtbegin?.o *crtbegin.o) .ctors)
                [!provide]                        PROVIDE (__init_array_end, .)

.fini_array     0x00000000000123ac        0x0
                [!provide]                        PROVIDE (__fini_array_start, .)
 *(SORT(.fini_array.*) SORT(.dtors.*))
 *(.fini_array EXCLUDE_FILE(*crtend?.o *crtend.o *crtbegin?.o *crtbegin.o) .dtors)
                [!provide]                        PROVIDE (__fini_array_end, .)

.ctors
 *crtbegin.o(.ctors)
 *crtbegin?.o(.ctors)
 *(EXCLUDE_FILE(*crtend?.o *crtend.o) .ctors)
 *(SORT(.ctors.*))
 *(.ctors)

.dtors
 *crtbegin.o(.dtors)
 *crtbegin?.o(.dtors)
 *(EXCLUDE_FILE(*crtend?.o *crtend.o) .dtors)
 *(SORT(.dtors.*))
 *(.dtors)

.jcr
 *(.jcr)

.data.rel.ro
 *(.data.rel.ro.local* .gnu.linkonce.d.rel.ro.local.*)
 *(.data.rel.ro .data.rel.ro.* .gnu.linkonce.d.rel.ro.*)

.dynamic
 *(.dynamic)

.got
 *(.got)
 *(.igot)
                0x00000000000123ac                . = DATA_SEGMENT_RELRO_END (., (SIZEOF (.got.plt) >= 0xc)?0xc:0x0)

.got.plt        0x00000000000123ac        0x0
 *(.got.plt)
 *(.igot.plt)
 .igot.plt      0x00000000000123ac        0x0 kernel/kernel.o

.data           0x00000000000123c0      0xe38
 *(.data .data.* .gnu.linkonce.d.*)
 .data          0x00000000000123c0      0x63a kernel/kernel.o
 .data          0x00000000000129fa        0x0 kernel/start.o
 .data          0x00000000000129fa        0x0 kernel/main.o
 .data          0x00000000000129fa        0x0 kernel/check.o
 .data          0x00000000000129fa        0x0 kernel/clock.o
 *fill*         0x00000000000129fa        0x6 
 .data          0x0000000000012a00      0x600 kernel/keyboard.o
                0x0000000000012a00                keymap
 .data          0x0000000000013000       0x22 kernel/tty.o
 .data          0x0000000000013022        0x0 kernel/console.o
 .data          0x0000000000013022        0x0 kernel/i8259.o
 *fill*         0x0000000000013022       0x1e 
 .data          0x0000000000013040      0x1b4 kernel/global.o
                0x0000000000013040                task_table
                0x0000000000013120                user_proc_table
                0x00000000000131c0                sys_call_table
                0x00000000000131cc                dd_map
                0x00000000000131e4                fsbuf
                0x00000000000131e8                mmbuf
                0x00000000000131ec                logbuf
                0x00000000000131f0                logdiskbuf
 .data          0x00000000000131f4        0x0 kernel/protect.o
 .data          0x00000000000131f4        0x0 kernel/proc.o
 .data          0x00000000000131f4        0x0 kernel/systask.o
 .data          0x00000000000131f4        0x0 kernel/hd.o
 .data          0x00000000000131f4        0x0 kernel/klib.o
 .data          0x00000000000131f4        0x0 lib/syslog.o
 .data          0x00000000000131f4        0x4 kernel/my_global.o
                0x00000000000131f4                parity_check_closed
 .data          0x00000000000131f8        0x0 mm/main.o
 .data          0x00000000000131f8        0x0 mm/forkexit.o
 .data          0x00000000000131f8        0x0 mm/exec.o
 .data          0x00000000000131f8        0x0 fs/main.o
 .data          0x00000000000131f8        0x0 fs/open.o
 .data          0x00000000000131f8        0x0 fs/misc.o
 .data          0x00000000000131f8        0x0 fs/read_write.o
 .data          0x00000000000131f8        0x0 fs/link.o
 .data          0x00000000000131f8        0x0 fs/disklog.o
 .data          0x00000000000131f8        0x0 lib/orangescrt.a(mylseek.o)
 .data          0x00000000000131f8        0x0 lib/orangescrt.a(printf.o)
 .data          0x00000000000131f8        0x0 lib/orangescrt.a(vsprintf.o)
 .data          0x00000000000131f8        0x0 lib/orangescrt.a(misc.o)
 .data          0x00000000000131f8        0x0 lib/orangescrt.a(open.o)
 .data          0x00000000000131f8        0x0 lib/orangescrt.a(read.o)
 .data          0x00000000000131f8        0x0 lib/orangescrt.a(write.o)
 .data          0x00000000000131f8        0x0 lib/orangescrt.a(close.o)
 .data          0x00000000000131f8        0x0 lib/orangescrt.a(getpid.o)
 .data          0x00000000000131f8        0x0 lib/orangescrt.a(stat.o)
 .data          0x00000000000131f8        0x0 lib/orangescrt.a(fork.o)
 .data          0x00000000000131f8        0x0 lib/orangescrt.a(exit.o)
 .data          0x00000000000131f8        0x0 lib/orangescrt.a(wait.o)
 .data          0x00000000000131f8        0x0 lib/orangescrt.a(exec.o)

.data1
 *(.data1)
                0x00000000000131f8                _edata = .
                [!provide]                        PROVIDE (edata, .)
                0x00000000000131f8                . = .
                0x00000000000131f8                __bss_start = .

.bss            0x0000000000013200    0x2cbd0
 *(.dynbss)
 *(.bss .bss.* .gnu.linkonce.b.*)
 .bss           0x0000000000013200      0x800 kernel/kernel.o
 .bss           0x0000000000013a00        0x0 kernel/start.o
 .bss           0x0000000000013a00        0x0 kernel/main.o
 .bss           0x0000000000013a00        0x0 kernel/check.o
 .bss           0x0000000000013a00        0x0 kernel/clock.o
 .bss           0x0000000000013a00       0x58 kernel/keyboard.o
 .bss           0x0000000000013a58        0x0 kernel/tty.o
 .bss           0x0000000000013a58        0x0 kernel/console.o
 .bss           0x0000000000013a58        0x0 kernel/i8259.o
 .bss           0x0000000000013a58       0x18 kernel/global.o
                0x0000000000013a58                queue_head
                0x0000000000013a64                queue_tail
 .bss           0x0000000000013a70        0x0 kernel/protect.o
 .bss           0x0000000000013a70        0x0 kernel/proc.o
 .bss           0x0000000000013a70        0x0 kernel/systask.o
 *fill*         0x0000000000013a70       0x10 
 .bss           0x0000000000013a80      0x64c kernel/hd.o
 .bss           0x00000000000140cc        0x0 kernel/klib.o
 .bss           0x00000000000140cc        0x0 lib/syslog.o
 .bss           0x00000000000140cc        0x0 kernel/my_global.o
 .bss           0x00000000000140cc        0x0 mm/main.o
 .bss           0x00000000000140cc        0x0 mm/forkexit.o
 .bss           0x00000000000140cc        0x0 mm/exec.o
 .bss           0x00000000000140cc        0x0 fs/main.o
 .bss           0x00000000000140cc        0x0 fs/open.o
 .bss           0x00000000000140cc        0x0 fs/misc.o
 .bss           0x00000000000140cc        0x0 fs/read_write.o
 .bss           0x00000000000140cc        0x0 fs/link.o
 *fill*         0x00000000000140cc       0x14 
 .bss           0x00000000000140e0      0x208 fs/disklog.o
 .bss           0x00000000000142e8        0x0 lib/orangescrt.a(mylseek.o)
 .bss           0x00000000000142e8        0x0 lib/orangescrt.a(printf.o)
 .bss           0x00000000000142e8        0x0 lib/orangescrt.a(vsprintf.o)
 .bss           0x00000000000142e8        0x0 lib/orangescrt.a(misc.o)
 .bss           0x00000000000142e8        0x0 lib/orangescrt.a(open.o)
 .bss           0x00000000000142e8        0x0 lib/orangescrt.a(read.o)
 .bss           0x00000000000142e8        0x0 lib/orangescrt.a(write.o)
 .bss           0x00000000000142e8        0x0 lib/orangescrt.a(close.o)
 .bss           0x00000000000142e8        0x0 lib/orangescrt.a(getpid.o)
 .bss           0x00000000000142e8        0x0 lib/orangescrt.a(stat.o)
 .bss           0x00000000000142e8        0x0 lib/orangescrt.a(fork.o)
 .bss           0x00000000000142e8        0x0 lib/orangescrt.a(exit.o)
 .bss           0x00000000000142e8        0x0 lib/orangescrt.a(wait.o)
 .bss           0x00000000000142e8        0x0 lib/orangescrt.a(exec.o)
 *(COMMON)
 *fill*         0x00000000000142e8       0x18 
 COMMON         0x0000000000014300    0x2bac0 kernel/global.o
                0x0000000000014300                idt_ptr
                0x0000000000014320                inode_table
                0x0000000000014e20                task_stack
                0x0000000000038e20                k_reenter
                0x0000000000038e40                gdt
                0x0000000000039240                current_console
                0x0000000000039244                pcaller
                0x0000000000039260                tty_table
                0x0000000000039ee0                tss
                0x0000000000039f60                fs_msg
                0x0000000000039f90                memory_size
                0x0000000000039fa0                f_desc_table
                0x000000000003a3a0                check_table
                0x000000000003b4d0                root_inode
                0x000000000003b4d4                disp_pos
                0x000000000003b4e0                mm_msg
                0x000000000003b510                key_pressed
                0x000000000003b514                gdt_ptr
                0x000000000003b520                idt
                0x000000000003bd20                super_block
                0x000000000003bf00                ticks
                0x000000000003bf20                proc_queue
                0x000000000003c100                console_table
                0x000000000003c140                irq_table
                0x000000000003c180                p_proc_ready
                0x000000000003c1a0                proc_table
 COMMON         0x000000000003fdc0       0x10 kernel/hd.o
                0x000000000003fdc0                PARTITION_ENTRY
                0x000000000003fdd0                . = ALIGN ((. != 0x0)?0x4:0x1)
                0x000000000003fdd0                . = ALIGN (0x4)
                0x000000000003fdd0                . = SEGMENT_START ("ldata-segment", .)
                0x000000000003fdd0                . = ALIGN (0x4)
                0x000000000003fdd0                _end = .
                [!provide]                        PROVIDE (end, .)
                0x000000000003fdd0                . = DATA_SEGMENT_END (.)

.stab
 *(.stab)

.stabstr
 *(.stabstr)

.stab.excl
 *(.stab.excl)

.stab.exclstr
 *(.stab.exclstr)

.stab.index
 *(.stab.index)

.stab.indexstr
 *(.stab.indexstr)

.comment        0x0000000000000000       0x35
 *(.comment)
 .comment       0x0000000000000000       0x35 kernel/start.o
                                         0x36 (松开之前的大小)
 .comment       0x0000000000000035       0x36 kernel/main.o
 .comment       0x0000000000000035       0x36 kernel/check.o
 .comment       0x0000000000000035       0x36 kernel/clock.o
 .comment       0x0000000000000035       0x36 kernel/keyboard.o
 .comment       0x0000000000000035       0x36 kernel/tty.o
 .comment       0x0000000000000035       0x36 kernel/console.o
 .comment       0x0000000000000035       0x36 kernel/i8259.o
 .comment       0x0000000000000035       0x36 kernel/global.o
 .comment       0x0000000000000035       0x36 kernel/protect.o
 .comment       0x0000000000000035       0x36 kernel/proc.o
 .comment       0x0000000000000035       0x36 kernel/systask.o
 .comment       0x0000000000000035       0x36 kernel/hd.o
 .comment       0x0000000000000035       0x36 kernel/klib.o
 .comment       0x0000000000000035       0x36 lib/syslog.o
 .comment       0x0000000000000035       0x36 kernel/my_global.o
 .comment       0x0000000000000035       0x36 mm/main.o
 .comment       0x0000000000000035       0x36 mm/forkexit.o
 .comment       0x0000000000000035       0x36 mm/exec.o
 .comment       0x0000000000000035       0x36 fs/main.o
 .comment       0x0000000000000035       0x36 fs/open.o
 .comment       0x0000000000000035       0x36 fs/misc.o
 .comment       0x0000000000000035       0x36 fs/read_write.o
 .comment       0x0000000000000035       0x36 fs/link.o
 .comment       0x0000000000000035       0x36 fs/disklog.o
 .comment       0x0000000000000035       0x36 lib/orangescrt.a(mylseek.o)
 .comment       0x0000000000000035       0x36 lib/orangescrt.a(printf.o)
 .comment       0x0000000000000035       0x36 lib/orangescrt.a(vsprintf.o)
 .comment       0x0000000000000035       0x36 lib/orangescrt.a(misc.o)
 .comment       0x0000000000000035       0x36 lib/orangescrt.a(open.o)
 .comment       0x0000000000000035       0x36 lib/orangescrt.a(read.o)
 .comment       0x0000000000000035       0x36 lib/orangescrt.a(write.o)
 .comment       0x0000000000000035       0x36 lib/orangescrt.a(close.o)
 .comment       0x0000000000000035       0x36 lib/orangescrt.a(getpid.o)
 .comment       0x0000000000000035       0x36 lib/orangescrt.a(stat.o)
 .comment       0x0000000000000035       0x36 lib/orangescrt.a(fork.o)
 .comment       0x0000000000000035       0x36 lib/orangescrt.a(exit.o)
 .comment       0x0000000000000035       0x36 lib/orangescrt.a(wait.o)
 .comment       0x0000000000000035       0x36 lib/orangescrt.a(exec.o)

.debug
 *(.debug)

.line
 *(.line)

.debug_srcinfo
 *(.debug_srcinfo)

.debug_sfnames
 *(.debug_sfnames)

.debug_aranges
 *(.debug_aranges)

.debug_pubnames
 *(.debug_pubnames)

.debug_info
 *(.debug_info .gnu.linkonce.wi.*)

.debug_abbrev
 *(.debug_abbrev)

.debug_line
 *(.debug_line .debug_line.* .debug_line_end)

.debug_frame
 *(.debug_frame)

.debug_str
 *(.debug_str)

.debug_loc
 *(.debug_loc)

.debug_macinfo
 *(.debug_macinfo)

.debug_weaknames
 *(.debug_weaknames)

.debug_funcnames
 *(.debug_funcnames)

.debug_typenames
 *(.debug_typenames)

.debug_varnames
 *(.debug_varnames)

.debug_pubtypes
 *(.debug_pubtypes)

.debug_ranges
 *(.debug_ranges)

.debug_macro
 *(.debug_macro)

.gnu.attributes
 *(.gnu.attributes)

/DISCARD/
 *(.note.GNU-stack)
 *(.gnu_debuglink)
 *(.gnu.lto_*)
OUTPUT(kernel.bin elf32-i386)
